2 1 has taken a fork
2 1 has taken a fork
2 1 is eating
4 3 has taken a fork
4 3 has taken a fork
4 3 is eating
6 5 has taken a fork
6 5 has taken a fork
6 5 is eating
7 7 has taken a fork
8 7 has taken a fork
8 7 is eating
10 9 has taken a fork
10 9 has taken a fork
10 9 is eating
204 2 has taken a fork
204 1 is sleeping
208 3 is sleeping
208 5 is sleeping
208 7 is sleeping
208 6 has taken a fork
208 6 has taken a fork
208 2 has taken a fork
208 6 is eating
208 2 is eating
209 4 has taken a fork
209 4 has taken a fork
209 4 is eating
211 0 has taken a fork
211 0 has taken a fork
211 9 is sleeping
211 0 is eating
213 8 has taken a fork
213 8 has taken a fork
213 8 is eating
309 1 is thinking
309 7 is thinking
313 5 is thinking
313 3 is thinking
313 9 is thinking
409 7 has taken a fork
409 6 is sleeping
409 5 has taken a fork
409 5 has taken a fork
409 3 has taken a fork
409 3 has taken a fork
409 5 is eating
409 2 is sleeping
409 4 is sleeping
409 3 is eating
416 7 has taken a fork
416 0 is sleeping
416 9 has taken a fork
416 9 has taken a fork
416 8 is sleeping
416 7 is eating
416 9 is eating
416 1 has taken a fork
416 1 has taken a fork
416 1 is eating
511 6 is thinking
514 2 is thinking
514 4 is thinking
521 0 is thinking
521 8 is thinking
614 5 is sleeping
614 6 has taken a fork
614 3 is sleeping
615 4 has taken a fork
615 4 has taken a fork
615 4 is eating
617 7 is sleeping
617 9 is sleeping
617 0 has taken a fork
617 8 has taken a fork
617 8 has taken a fork
617 6 has taken a fork
617 8 is eating
617 6 is eating
621 2 has taken a fork
621 2 has taken a fork
622 0 has taken a fork
622 2 is eating
622 1 is sleeping
622 0 is eating
714 5 is thinking
719 7 is thinking
719 3 is thinking
719 9 is thinking
725 1 is thinking
820 5 has taken a fork
820 8 is sleeping
820 9 has taken a fork
820 4 is sleeping
822 5 has taken a fork
822 6 is sleeping
822 5 is eating
822 7 has taken a fork
822 7 has taken a fork
822 3 has taken a fork
822 3 has taken a fork
822 2 is sleeping
822 7 is eating
823 3 is eating
827 0 is sleeping
827 1 has taken a fork
827 1 has taken a fork
827 9 has taken a fork
827 9 is eating
827 1 is eating
922 4 is thinking
925 8 is thinking
927 0 is thinking
927 2 is thinking
927 6 is thinking
1025 6 has taken a fork
1025 5 is sleeping
1025 7 is sleeping
1025 4 has taken a fork
1025 4 has taken a fork
1025 6 has taken a fork
1025 3 is sleeping
1025 8 has taken a fork
1025 6 is eating
1025 4 is eating
1028 1 is sleeping
1028 2 has taken a fork
1028 2 has taken a fork
1028 2 is eating
1029 9 is sleeping
1029 0 has taken a fork
1029 0 has taken a fork
1029 0 is eating
1029 8 has taken a fork
1029 8 is eating
1126 5 is thinking
1126 3 is thinking
1126 7 is thinking
1129 1 is thinking
1130 9 is thinking
1226 4 is sleeping
1226 6 is sleeping
1226 5 has taken a fork
1226 5 has taken a fork
1226 7 has taken a fork
1226 5 is eating
1233 7 has taken a fork
1233 2 is sleeping
1233 3 has taken a fork
1233 7 is eating
1233 9 has taken a fork
1233 8 is sleeping
1233 3 has taken a fork
1233 3 is eating
1234 0 is sleeping
1234 1 has taken a fork
1234 1 has taken a fork
1234 1 is eating
1234 9 has taken a fork
1234 9 is eating
1326 6 is thinking
1326 4 is thinking
1337 0 is thinking
1337 8 is thinking
1338 2 is thinking
1431 6 has taken a fork
1431 5 is sleeping
1433 6 has taken a fork
1433 7 is sleeping
1433 6 is eating
1433 8 has taken a fork
1433 3 is sleeping
1433 4 has taken a fork
1433 4 has taken a fork
1433 4 is eating
1439 2 has taken a fork
1439 1 is sleeping
1439 9 is sleeping
1439 8 has taken a fork
1439 2 has taken a fork
1439 0 has taken a fork
1439 0 has taken a fork
1439 2 is eating
1439 8 is eating
1440 0 is eating
1535 3 is thinking
1535 5 is thinking
1535 7 is thinking
1540 1 is thinking
1544 9 is thinking
1636 4 is sleeping
1636 7 has taken a fork
1636 6 is sleeping
1636 5 has taken a fork
1636 5 has taken a fork
1636 5 is eating
1642 7 has taken a fork
1642 1 has taken a fork
1642 7 is eating
1642 9 has taken a fork
1642 9 has taken a fork
1642 0 is sleeping
1642 8 is sleeping
1642 9 is eating
1642 2 is sleeping
1642 1 has taken a fork
1642 3 has taken a fork
1642 3 has taken a fork
1642 1 is eating
1642 3 is eating
1737 6 is thinking
1737 4 is thinking
1744 8 is thinking
1744 0 is thinking
1747 2 is thinking
1837 5 is sleeping
1837 6 has taken a fork
1844 4 has taken a fork
1844 4 has taken a fork
1844 8 has taken a fork
1844 3 is sleeping
1844 2 has taken a fork
1844 2 has taken a fork
1844 4 is eating
1844 7 is sleeping
1844 1 is sleeping
1844 2 is eating
1844 0 has taken a fork
1844 0 has taken a fork
1844 0 is eating
1844 9 is sleeping
1844 6 has taken a fork
1844 8 has taken a fork
1844 6 is eating
1844 8 is eating
1942 5 is thinking
1947 9 is thinking
1949 3 is thinking
1949 1 is thinking
1949 7 is thinking
2046 8 is sleeping
2046 1 has taken a fork
2046 9 has taken a fork
2046 9 has taken a fork
2046 0 is sleeping
2046 9 is eating
2049 6 is sleeping
2049 1 has taken a fork
2049 7 has taken a fork
2049 7 has taken a fork
2049 5 has taken a fork
2049 3 has taken a fork
2049 3 has taken a fork
2049 4 is sleeping
2049 1 is eating
2049 7 is eating
2049 5 has taken a fork
2049 3 is eating
2049 2 is sleeping
2049 5 is eating
2148 0 is thinking
2148 8 is thinking
2153 6 is thinking
2153 4 is thinking
2154 2 is thinking
2249 0 has taken a fork
2249 9 is sleeping
2249 7 is sleeping
2249 8 has taken a fork
2249 8 has taken a fork
2249 8 is eating
2252 0 has taken a fork
2252 2 has taken a fork
2252 0 is eating
2252 1 is sleeping
2254 6 has taken a fork
2254 5 is sleeping
2254 4 has taken a fork
2254 4 has taken a fork
2254 2 has taken a fork
2254 4 is eating
2254 2 is eating
2254 6 has taken a fork
2254 3 is sleeping
2254 6 is eating
2351 7 is thinking
2354 1 is thinking
2354 9 is thinking
2355 3 is thinking
2359 5 is thinking
2452 8 is sleeping
2452 9 has taken a fork
2453 9 has taken a fork
2453 0 is sleeping
2453 1 has taken a fork
2453 9 is eating
2459 5 has taken a fork
2459 1 has taken a fork
2459 4 is sleeping
2459 3 has taken a fork
2459 3 has taken a fork
2459 5 has taken a fork
2459 6 is sleeping
2459 3 is eating
2459 2 is sleeping
2459 7 has taken a fork
2459 7 has taken a fork
2459 1 is eating
2459 7 is eating
2459 5 is eating
2553 0 is thinking
2553 8 is thinking
2559 6 is thinking
2559 2 is thinking
2559 4 is thinking
2655 0 has taken a fork
2655 9 is sleeping
2659 3 is sleeping
2659 4 has taken a fork
2659 1 is sleeping
2659 2 has taken a fork
2659 2 has taken a fork
2659 4 has taken a fork
2659 8 has taken a fork
2659 8 has taken a fork
2659 5 is sleeping
2660 7 is sleeping
2661 6 has taken a fork
2661 6 has taken a fork
2661 4 is eating
2661 0 has taken a fork
2661 6 is eating
2661 0 is eating
2661 8 is eating
2661 2 is eating
2759 3 is thinking
2760 1 is thinking
2760 5 is thinking
2760 9 is thinking
2762 7 is thinking
2862 2 is sleeping
2862 5 has taken a fork
2862 7 has taken a fork
2862 4 is sleeping
2862 7 has taken a fork
2862 6 is sleeping
2862 3 has taken a fork
2862 3 has taken a fork
2862 3 is eating
2862 5 has taken a fork
2862 8 is sleeping
2862 9 has taken a fork
2862 7 is eating
2862 5 is eating
2863 1 has taken a fork
2863 1 has taken a fork
2863 0 is sleeping
2863 9 has taken a fork
2863 1 is eating
2863 9 is eating
2962 2 is thinking
2962 4 is thinking
2962 8 is thinking
2964 6 is thinking
2964 0 is thinking
3063 6 has taken a fork
3063 5 is sleeping
3063 0 has taken a fork
3063 1 is sleeping
3063 2 has taken a fork
3063 9 is sleeping
3063 0 has taken a fork
3063 4 has taken a fork
3063 4 has taken a fork
3063 3 is sleeping
3063 2 has taken a fork
3063 0 is eating
3063 7 is sleeping
3063 8 has taken a fork
3063 8 has taken a fork
3063 6 has taken a fork
3063 6 is eating
3063 4 is eating
3063 8 is eating
3063 2 is eating
3166 1 is thinking
3166 7 is thinking
3166 9 is thinking
3166 5 is thinking
3167 3 is thinking
3267 7 has taken a fork
3267 6 is sleeping
3268 7 has taken a fork
3268 5 has taken a fork
3268 5 has taken a fork
3268 2 is sleeping
3268 3 has taken a fork
3268 0 is sleeping
3268 3 has taken a fork
3268 1 has taken a fork
3268 1 has taken a fork
3268 4 is sleeping
3268 7 is eating
3268 3 is eating
3268 9 has taken a fork
3268 9 has taken a fork
3268 9 is eating
3268 8 is sleeping
3268 1 is eating
3268 5 is eating
3369 6 is thinking
3369 4 is thinking
3369 0 is thinking
3369 2 is thinking
3369 8 is thinking
3471 8 has taken a fork
3471 7 is sleeping
3471 3 is sleeping
3471 4 has taken a fork
3473 9 is sleeping
3473 0 has taken a fork
3473 0 has taken a fork
3473 2 has taken a fork
3473 2 has taken a fork
3473 8 has taken a fork
3473 6 has taken a fork
3473 8 is eating
3473 5 is sleeping
3473 4 has taken a fork
3473 0 is eating
3473 1 is sleeping
3473 4 is eating
3473 6 has taken a fork
3473 6 is eating
3473 2 is eating
3572 3 is thinking
3572 7 is thinking
3576 9 is thinking
3577 5 is thinking
3577 1 is thinking
3675 9 has taken a fork
3675 9 has taken a fork
3675 0 is sleeping
3675 4 is sleeping
3675 7 has taken a fork
3675 7 has taken a fork
3675 5 has taken a fork
3675 5 has taken a fork
3675 9 is eating
3675 7 is eating
3675 5 is eating
3675 1 has taken a fork
3675 1 has taken a fork
3675 8 is sleeping
3675 3 has taken a fork
3675 3 has taken a fork
3675 2 is sleeping
3675 1 is eating
3675 3 is eating
3675 6 is sleeping
3775 2 is thinking
3775 8 is thinking
3775 0 is thinking
3780 6 is thinking
3780 4 is thinking
3875 2 has taken a fork
3875 0 has taken a fork
3875 1 is sleeping
3875 0 has taken a fork
3875 9 is sleeping
3875 0 is eating
3880 8 has taken a fork
3880 8 has taken a fork
3880 7 is sleeping
3880 5 is sleeping
3880 6 has taken a fork
3880 6 has taken a fork
3880 6 is eating
3880 2 has taken a fork
3880 4 has taken a fork
3880 4 has taken a fork
3880 8 is eating
3880 4 is eating
3880 2 is eating
here
after if
after if
123
456
789
abc
def
